// Jest Snapshot v1, https://goo.gl/fbAQLP

exports[`Autocomplete matches snapshot 1`] = `
<div>
  <div
    class="row button-row"
  >
    <div
      class="column column-90"
      style="padding: 0px;"
    >
      <input
        class="autocomplete-input"
        data-testid="test-next-input"
        id="add-test"
        type="text"
        value=""
      />
    </div>
    <div
      class="column column-10"
      style="padding: 0px;"
    >
      <button
        class="button button-clear b-0"
        data-testid="test-add-button"
      >
        <svg
          aria-hidden="true"
          class="svg-inline--fa fa-plus fa-w-14 "
          data-icon="plus"
          data-prefix="fas"
          focusable="false"
          role="img"
          viewBox="0 0 448 512"
          xmlns="http://www.w3.org/2000/svg"
        >
          <path
            d="M416 208H272V64c0-17.67-14.33-32-32-32h-32c-17.67 0-32 14.33-32 32v144H32c-17.67 0-32 14.33-32 32v32c0 17.67 14.33 32 32 32h144v144c0 17.67 14.33 32 32 32h32c17.67 0 32-14.33 32-32V304h144c17.67 0 32-14.33 32-32v-32c0-17.67-14.33-32-32-32z"
            fill="currentColor"
          />
        </svg>
      </button>
    </div>
  </div>
  <div
    class="row"
  >
    <div
      class="column column-90"
    />
  </div>
</div>
`;
